2025-08-04 11:24:09.053 [ActiveMQ Task-1] INFO  o.a.a.t.failover.FailoverTransport - Successfully connected to ssl://stg001eu1-msgbus.3dexperience.3ds.com:61617?soTimeout=60000&soWriteTimeout=60000
2025-08-04 11:24:09.267 [main] INFO  com.comau.sslConnector.Main - ✅ Connessione al broker JMS riuscita.
2025-08-04 11:24:09.268 [main] INFO  com.comau.sslConnector.Main - 📡 ClientID impostato: BatchUser-8
2025-08-04 11:24:09.300 [main] INFO  com.comau.sslConnector.Main - 📦 Sessione JMS creata.
2025-08-04 11:24:09.438 [main] INFO  com.comau.sslConnector.Main - 🔄 Listener JMS registrato sulla topic: 3dsevents.OI000315360.3DSpace.user
2025-08-04 11:24:09.438 [main] INFO  com.comau.sslConnector.Main - ⏳ In attesa di messaggi...
2025-08-04 11:32:20.184 [ActiveMQ Task-1] INFO  o.a.a.t.failover.FailoverTransport - Successfully connected to ssl://stg001eu1-msgbus.3dexperience.3ds.com:61617?soTimeout=60000&soWriteTimeout=60000
2025-08-04 11:32:20.372 [main] INFO  com.comau.sslConnector.Main - ✅ Connessione al broker JMS riuscita.
2025-08-04 11:32:20.373 [main] INFO  com.comau.sslConnector.Main - 📡 ClientID impostato: BatchUser-8
2025-08-04 11:32:20.421 [main] INFO  com.comau.sslConnector.Main - 📦 Sessione JMS creata.
2025-08-04 11:32:20.564 [main] INFO  com.comau.sslConnector.Main - 🔄 Listener JMS registrato sulla topic: 3dsevents.OI000315360.3DSpace.user
2025-08-04 11:32:20.565 [main] INFO  com.comau.sslConnector.Main - ⏳ In attesa di messaggi...
2025-08-04 11:40:05.773 [ActiveMQ Session Task-2] INFO  c.c.s.EIFConsumerMessageListener - 📩 Messaggio ricevuto:
{"specversion":"1.0.0","source":"https://OI000315360-eu1-space.3dexperience.3ds.com/enovia","type":"created","id":"3ABE8688FCEC310068907F4F000001DB","time":"2025-08-04T09:37:19.910+0000","timestamp":1754300239910,"metadata":{"serviceId":"3DSpace","geoId":"euw1","tenantId":"OI000315360"},"contenttype":"application/json","data":{"eventClass":"Task","eventType":"created","eventTime":1754300239910,"serviceName":"3DSpace","user":"genny_segretario","authorization":"VPLMProjectLeader.Company Name.Comau_Public","subject":{"source":"https://OI000315360-eu1-space.3dexperience.3ds.com/enovia","type":"Task","identifier":"3ABE8688FCEC310068907F4A000040C2","relativePath":"/resources/v1/modeler/tasks/3ABE8688FCEC310068907F4A000040C2"}}}
2025-08-04 11:40:05.778 [ActiveMQ Session Task-2] INFO  c.c.s.EIFConsumerMessageListener - 💾 Messaggio salvato in: C:\output_messages\msg_2025-08-04T11-40-05-774164300.json
2025-08-04 11:40:06.258 [ActiveMQ Session Task-2] INFO  c.c.s.EIFConsumerMessageListener - 📌 Event Type: created
2025-08-04 11:40:06.259 [ActiveMQ Session Task-2] INFO  c.c.s.EIFConsumerMessageListener - 📌 Event Class: Task
2025-08-04 11:40:06.259 [ActiveMQ Session Task-2] INFO  c.c.s.EIFConsumerMessageListener - 📌 Subject ID: 3ABE8688FCEC310068907F4A000040C2
2025-08-04 11:40:18.118 [ActiveMQ Session Task-2] INFO  c.c.s.EIFConsumerMessageListener - 🌐 GET http://localhost:8080/Comau.3DS.Services/api/3ds/ProcessLogic/createTaskPostAction?id=3ABE8688FCEC310068907F4A000040C2&user=genny_segretario → {"result":"OK","message":"Updated task with title ROOCEYA08-MFG-FBM-WPIENG-ST007"}
2025-08-04 12:25:05.090 [ActiveMQ Session Task-3] INFO  c.c.s.EIFConsumerMessageListener - 📩 Messaggio ricevuto:
{"specversion":"1.0.0","source":"https://OI000315360-eu1-space.3dexperience.3ds.com/enovia","type":"statusChanged","id":"3ABE8688FCEC3100689089F500000349","time":"2025-08-04T10:22:45.422+0000","timestamp":1754302965422,"metadata":{"serviceId":"3DSpace","geoId":"euw1","tenantId":"OI000315360"},"contenttype":"application/json","data":{"eventClass":"Task","eventType":"statusChanged","eventTime":1754302965422,"serviceName":"3DSpace","user":"genny_segretario","authorization":"VPLMProjectLeader.BU-0000009.CS_LIBRARIES_PROTECTED","subject":{"source":"https://OI000315360-eu1-space.3dexperience.3ds.com/enovia","type":"Task","identifier":"BD9549A093AD2700688CABD600009EAE","relativePath":"/resources/v1/modeler/tasks/BD9549A093AD2700688CABD600009EAE"},"predicate":"state","object":{"@type":"xs:String","Value":"Active"}}}
2025-08-04 12:25:05.119 [ActiveMQ Session Task-3] INFO  c.c.s.EIFConsumerMessageListener - 💾 Messaggio salvato in: C:\output_messages\msg_2025-08-04T12-25-05-104955600.json
2025-08-04 12:25:05.135 [ActiveMQ Session Task-3] INFO  c.c.s.EIFConsumerMessageListener - 📌 Event Type: statusChanged
2025-08-04 12:25:05.136 [ActiveMQ Session Task-3] INFO  c.c.s.EIFConsumerMessageListener - 📌 Event Class: Task
2025-08-04 12:25:05.137 [ActiveMQ Session Task-3] INFO  c.c.s.EIFConsumerMessageListener - 📌 Subject ID: BD9549A093AD2700688CABD600009EAE
2025-08-04 12:25:05.141 [ActiveMQ Session Task-3] INFO  c.c.s.EIFConsumerMessageListener - 📩 Messaggio ricevuto:
{"specversion":"1.0.0","source":"https://OI000315360-eu1-space.3dexperience.3ds.com/enovia","type":"statusChanged","id":"3ABE8688FCEC3100689089F500000347","time":"2025-08-04T10:22:45.411+0000","timestamp":1754302965411,"metadata":{"serviceId":"3DSpace","geoId":"euw1","tenantId":"OI000315360"},"contenttype":"application/json","data":{"eventClass":"Task","eventType":"statusChanged","eventTime":1754302965411,"serviceName":"3DSpace","user":"genny_segretario","authorization":"VPLMProjectLeader.BU-0000009.CS_LIBRARIES_PROTECTED","subject":{"source":"https://OI000315360-eu1-space.3dexperience.3ds.com/enovia","type":"Task","identifier":"BD9549A093AD2700688CABD600009EAE","relativePath":"/resources/v1/modeler/tasks/BD9549A093AD2700688CABD600009EAE"},"predicate":"state","object":{"@type":"xs:String","Value":"Assign"}}}
2025-08-04 12:25:05.146 [ActiveMQ Session Task-3] INFO  c.c.s.EIFConsumerMessageListener - 💾 Messaggio salvato in: C:\output_messages\msg_2025-08-04T12-25-05-144428300.json
2025-08-04 12:25:05.148 [ActiveMQ Session Task-3] INFO  c.c.s.EIFConsumerMessageListener - 📌 Event Type: statusChanged
2025-08-04 12:25:05.149 [ActiveMQ Session Task-3] INFO  c.c.s.EIFConsumerMessageListener - 📌 Event Class: Task
2025-08-04 12:25:05.150 [ActiveMQ Session Task-3] INFO  c.c.s.EIFConsumerMessageListener - 📌 Subject ID: BD9549A093AD2700688CABD600009EAE
2025-08-04 12:25:05.152 [ActiveMQ Session Task-3] INFO  c.c.s.EIFConsumerMessageListener - 📩 Messaggio ricevuto:
{"specversion":"1.0.0","source":"https://OI000315360-eu1-space.3dexperience.3ds.com/enovia","type":"statusChanged","id":"3ABE8688FCEC3100689089F50000034B","time":"2025-08-04T10:22:45.432+0000","timestamp":1754302965432,"metadata":{"serviceId":"3DSpace","geoId":"euw1","tenantId":"OI000315360"},"contenttype":"application/json","data":{"eventClass":"Task","eventType":"statusChanged","eventTime":1754302965432,"serviceName":"3DSpace","user":"genny_segretario","authorization":"VPLMProjectLeader.BU-0000009.CS_LIBRARIES_PROTECTED","subject":{"source":"https://OI000315360-eu1-space.3dexperience.3ds.com/enovia","type":"Task","identifier":"BD9549A093AD2700688CABD600009EAE","relativePath":"/resources/v1/modeler/tasks/BD9549A093AD2700688CABD600009EAE"},"predicate":"state","object":{"@type":"xs:String","Value":"Review"}}}
2025-08-04 12:25:05.155 [ActiveMQ Session Task-3] INFO  c.c.s.EIFConsumerMessageListener - 💾 Messaggio salvato in: C:\output_messages\msg_2025-08-04T12-25-05-154434300.json
2025-08-04 12:25:05.157 [ActiveMQ Session Task-3] INFO  c.c.s.EIFConsumerMessageListener - 📌 Event Type: statusChanged
2025-08-04 12:25:05.158 [ActiveMQ Session Task-3] INFO  c.c.s.EIFConsumerMessageListener - 📌 Event Class: Task
2025-08-04 12:25:05.158 [ActiveMQ Session Task-3] INFO  c.c.s.EIFConsumerMessageListener - 📌 Subject ID: BD9549A093AD2700688CABD600009EAE
2025-08-04 12:25:05.159 [ActiveMQ Session Task-3] INFO  c.c.s.EIFConsumerMessageListener - 📩 Messaggio ricevuto:
{"specversion":"1.0.0","source":"https://OI000315360-eu1-space.3dexperience.3ds.com/enovia","type":"statusChanged","id":"3ABE8688FCEC3100689089F500000353","time":"2025-08-04T10:22:45.492+0000","timestamp":1754302965492,"metadata":{"serviceId":"3DSpace","geoId":"euw1","tenantId":"OI000315360"},"contenttype":"application/json","data":{"eventClass":"Task","eventType":"statusChanged","eventTime":1754302965492,"serviceName":"3DSpace","user":"genny_segretario","authorization":"VPLMProjectLeader.BU-0000009.CS_LIBRARIES_PROTECTED","subject":{"source":"https://OI000315360-eu1-space.3dexperience.3ds.com/enovia","type":"Task","identifier":"3ABE8688FCEC310068908947000047DA","relativePath":"/resources/v1/modeler/tasks/3ABE8688FCEC310068908947000047DA"},"predicate":"state","object":{"@type":"xs:String","Value":"Review"}}}
2025-08-04 12:25:05.162 [ActiveMQ Session Task-3] INFO  c.c.s.EIFConsumerMessageListener - 💾 Messaggio salvato in: C:\output_messages\msg_2025-08-04T12-25-05-161418.json
2025-08-04 12:25:05.164 [ActiveMQ Session Task-3] INFO  c.c.s.EIFConsumerMessageListener - 📌 Event Type: statusChanged
2025-08-04 12:25:05.165 [ActiveMQ Session Task-3] INFO  c.c.s.EIFConsumerMessageListener - 📌 Event Class: Task
2025-08-04 12:25:05.165 [ActiveMQ Session Task-3] INFO  c.c.s.EIFConsumerMessageListener - 📌 Subject ID: 3ABE8688FCEC310068908947000047DA
2025-08-04 12:25:05.167 [ActiveMQ Session Task-3] INFO  c.c.s.EIFConsumerMessageListener - 📩 Messaggio ricevuto:
{"specversion":"1.0.0","source":"https://OI000315360-eu1-space.3dexperience.3ds.com/enovia","type":"statusChanged","id":"3ABE8688FCEC3100689089F500000355","time":"2025-08-04T10:22:45.501+0000","timestamp":1754302965501,"metadata":{"serviceId":"3DSpace","geoId":"euw1","tenantId":"OI000315360"},"contenttype":"application/json","data":{"eventClass":"Task","eventType":"statusChanged","eventTime":1754302965501,"serviceName":"3DSpace","user":"genny_segretario","authorization":"VPLMProjectLeader.BU-0000009.CS_LIBRARIES_PROTECTED","subject":{"source":"https://OI000315360-eu1-space.3dexperience.3ds.com/enovia","type":"Task","identifier":"3ABE8688FCEC310068908947000047DA","relativePath":"/resources/v1/modeler/tasks/3ABE8688FCEC310068908947000047DA"},"predicate":"state","object":{"@type":"xs:String","Value":"Complete"}}}
2025-08-04 12:25:05.170 [ActiveMQ Session Task-3] INFO  c.c.s.EIFConsumerMessageListener - 💾 Messaggio salvato in: C:\output_messages\msg_2025-08-04T12-25-05-169255200.json
2025-08-04 12:25:05.172 [ActiveMQ Session Task-3] INFO  c.c.s.EIFConsumerMessageListener - 📌 Event Type: statusChanged
2025-08-04 12:25:05.173 [ActiveMQ Session Task-3] INFO  c.c.s.EIFConsumerMessageListener - 📌 Event Class: Task
2025-08-04 12:25:05.173 [ActiveMQ Session Task-3] INFO  c.c.s.EIFConsumerMessageListener - 📌 Subject ID: 3ABE8688FCEC310068908947000047DA
2025-08-04 12:25:05.199 [ActiveMQ Session Task-4] INFO  c.c.s.EIFConsumerMessageListener - 📩 Messaggio ricevuto:
{"specversion":"1.0.0","source":"https://OI000315360-eu1-space.3dexperience.3ds.com/enovia","type":"statusChanged","id":"3ABE8688FCEC3100689089F50000034D","time":"2025-08-04T10:22:45.441+0000","timestamp":1754302965441,"metadata":{"serviceId":"3DSpace","geoId":"euw1","tenantId":"OI000315360"},"contenttype":"application/json","data":{"eventClass":"Task","eventType":"statusChanged","eventTime":1754302965441,"serviceName":"3DSpace","user":"genny_segretario","authorization":"VPLMProjectLeader.BU-0000009.CS_LIBRARIES_PROTECTED","subject":{"source":"https://OI000315360-eu1-space.3dexperience.3ds.com/enovia","type":"Task","identifier":"BD9549A093AD2700688CABD600009EAE","relativePath":"/resources/v1/modeler/tasks/BD9549A093AD2700688CABD600009EAE"},"predicate":"state","object":{"@type":"xs:String","Value":"Complete"}}}
2025-08-04 12:25:05.203 [ActiveMQ Session Task-4] INFO  c.c.s.EIFConsumerMessageListener - 💾 Messaggio salvato in: C:\output_messages\msg_2025-08-04T12-25-05-201357500.json
2025-08-04 12:25:05.205 [ActiveMQ Session Task-4] INFO  c.c.s.EIFConsumerMessageListener - 📌 Event Type: statusChanged
2025-08-04 12:25:05.205 [ActiveMQ Session Task-4] INFO  c.c.s.EIFConsumerMessageListener - 📌 Event Class: Task
2025-08-04 12:25:05.206 [ActiveMQ Session Task-4] INFO  c.c.s.EIFConsumerMessageListener - 📌 Subject ID: BD9549A093AD2700688CABD600009EAE
2025-08-04 12:25:05.217 [ActiveMQ Session Task-4] INFO  c.c.s.EIFConsumerMessageListener - 📩 Messaggio ricevuto:
{"specversion":"1.0.0","source":"https://OI000315360-eu1-space.3dexperience.3ds.com/enovia","type":"statusChanged","id":"3ABE8688FCEC3100689089F50000034F","time":"2025-08-04T10:22:45.472+0000","timestamp":1754302965472,"metadata":{"serviceId":"3DSpace","geoId":"euw1","tenantId":"OI000315360"},"contenttype":"application/json","data":{"eventClass":"Task","eventType":"statusChanged","eventTime":1754302965472,"serviceName":"3DSpace","user":"genny_segretario","authorization":"VPLMProjectLeader.BU-0000009.CS_LIBRARIES_PROTECTED","subject":{"source":"https://OI000315360-eu1-space.3dexperience.3ds.com/enovia","type":"Task","identifier":"3ABE8688FCEC310068908947000047DA","relativePath":"/resources/v1/modeler/tasks/3ABE8688FCEC310068908947000047DA"},"predicate":"state","object":{"@type":"xs:String","Value":"Assign"}}}
2025-08-04 12:25:05.220 [ActiveMQ Session Task-4] INFO  c.c.s.EIFConsumerMessageListener - 💾 Messaggio salvato in: C:\output_messages\msg_2025-08-04T12-25-05-219780600.json
2025-08-04 12:25:05.223 [ActiveMQ Session Task-4] INFO  c.c.s.EIFConsumerMessageListener - 📌 Event Type: statusChanged
2025-08-04 12:25:05.223 [ActiveMQ Session Task-4] INFO  c.c.s.EIFConsumerMessageListener - 📌 Event Class: Task
2025-08-04 12:25:05.224 [ActiveMQ Session Task-4] INFO  c.c.s.EIFConsumerMessageListener - 📌 Subject ID: 3ABE8688FCEC310068908947000047DA
2025-08-04 12:25:05.277 [ActiveMQ Session Task-4] INFO  c.c.s.EIFConsumerMessageListener - 📩 Messaggio ricevuto:
{"specversion":"1.0.0","source":"https://OI000315360-eu1-space.3dexperience.3ds.com/enovia","type":"statusChanged","id":"3ABE8688FCEC3100689089F500000351","time":"2025-08-04T10:22:45.482+0000","timestamp":1754302965482,"metadata":{"serviceId":"3DSpace","geoId":"euw1","tenantId":"OI000315360"},"contenttype":"application/json","data":{"eventClass":"Task","eventType":"statusChanged","eventTime":1754302965482,"serviceName":"3DSpace","user":"genny_segretario","authorization":"VPLMProjectLeader.BU-0000009.CS_LIBRARIES_PROTECTED","subject":{"source":"https://OI000315360-eu1-space.3dexperience.3ds.com/enovia","type":"Task","identifier":"3ABE8688FCEC310068908947000047DA","relativePath":"/resources/v1/modeler/tasks/3ABE8688FCEC310068908947000047DA"},"predicate":"state","object":{"@type":"xs:String","Value":"Active"}}}
2025-08-04 12:25:05.307 [ActiveMQ Session Task-4] INFO  c.c.s.EIFConsumerMessageListener - 💾 Messaggio salvato in: C:\output_messages\msg_2025-08-04T12-25-05-279642.json
2025-08-04 12:25:05.309 [ActiveMQ Session Task-4] INFO  c.c.s.EIFConsumerMessageListener - 📌 Event Type: statusChanged
2025-08-04 12:25:05.310 [ActiveMQ Session Task-4] INFO  c.c.s.EIFConsumerMessageListener - 📌 Event Class: Task
2025-08-04 12:25:05.310 [ActiveMQ Session Task-4] INFO  c.c.s.EIFConsumerMessageListener - 📌 Subject ID: 3ABE8688FCEC310068908947000047DA
2025-08-04 12:30:04.083 [ActiveMQ Session Task-5] INFO  c.c.s.EIFConsumerMessageListener - 📩 Messaggio ricevuto:
{"specversion":"1.0.0","source":"https://OI000315360-eu1-space.3dexperience.3ds.com/enovia","type":"statusChanged","id":"3ABE8688FCEC310068908AC40000035B","time":"2025-08-04T10:26:12.985+0000","timestamp":1754303172985,"metadata":{"serviceId":"3DSpace","geoId":"euw1","tenantId":"OI000315360"},"contenttype":"application/json","data":{"eventClass":"Task","eventType":"statusChanged","eventTime":1754303172985,"serviceName":"3DSpace","user":"genny_segretario","authorization":"VPLMAdmin.Company Name.Default","subject":{"source":"https://OI000315360-eu1-space.3dexperience.3ds.com/enovia","type":"Task","identifier":"BD9549A093AD2700688CABD600009EAE","relativePath":"/resources/v1/modeler/tasks/BD9549A093AD2700688CABD600009EAE"},"predicate":"state","object":{"@type":"xs:String","Value":"Review"}}}
2025-08-04 12:30:04.091 [ActiveMQ Session Task-5] INFO  c.c.s.EIFConsumerMessageListener - 💾 Messaggio salvato in: C:\output_messages\msg_2025-08-04T12-30-04-088319700.json
2025-08-04 12:30:04.094 [ActiveMQ Session Task-5] INFO  c.c.s.EIFConsumerMessageListener - 📌 Event Type: statusChanged
2025-08-04 12:30:04.095 [ActiveMQ Session Task-5] INFO  c.c.s.EIFConsumerMessageListener - 📌 Event Class: Task
2025-08-04 12:30:04.096 [ActiveMQ Session Task-5] INFO  c.c.s.EIFConsumerMessageListener - 📌 Subject ID: BD9549A093AD2700688CABD600009EAE
2025-08-04 12:30:04.162 [ActiveMQ Session Task-5] INFO  c.c.s.EIFConsumerMessageListener - 📩 Messaggio ricevuto:
{"specversion":"1.0.0","source":"https://OI000315360-eu1-space.3dexperience.3ds.com/enovia","type":"statusChanged","id":"3ABE8688FCEC310068908ACE0000035D","time":"2025-08-04T10:26:22.528+0000","timestamp":1754303182528,"metadata":{"serviceId":"3DSpace","geoId":"euw1","tenantId":"OI000315360"},"contenttype":"application/json","data":{"eventClass":"Task","eventType":"statusChanged","eventTime":1754303182528,"serviceName":"3DSpace","user":"genny_segretario","authorization":"VPLMAdmin.Company Name.Default","subject":{"source":"https://OI000315360-eu1-space.3dexperience.3ds.com/enovia","type":"Task","identifier":"BD9549A093AD2700688CABD600009EAE","relativePath":"/resources/v1/modeler/tasks/BD9549A093AD2700688CABD600009EAE"},"predicate":"state","object":{"@type":"xs:String","Value":"Active"}}}
2025-08-04 12:30:04.166 [ActiveMQ Session Task-5] INFO  c.c.s.EIFConsumerMessageListener - 💾 Messaggio salvato in: C:\output_messages\msg_2025-08-04T12-30-04-164124.json
2025-08-04 12:30:04.169 [ActiveMQ Session Task-5] INFO  c.c.s.EIFConsumerMessageListener - 📌 Event Type: statusChanged
2025-08-04 12:30:04.170 [ActiveMQ Session Task-5] INFO  c.c.s.EIFConsumerMessageListener - 📌 Event Class: Task
2025-08-04 12:30:04.171 [ActiveMQ Session Task-5] INFO  c.c.s.EIFConsumerMessageListener - 📌 Subject ID: BD9549A093AD2700688CABD600009EAE
2025-08-04 12:30:04.191 [ActiveMQ Session Task-5] INFO  c.c.s.EIFConsumerMessageListener - 📩 Messaggio ricevuto:
{"specversion":"1.0.0","source":"https://OI000315360-eu1-space.3dexperience.3ds.com/enovia","type":"statusChanged","id":"3ABE8688FCEC310068908ADF0000035F","time":"2025-08-04T10:26:39.972+0000","timestamp":1754303199972,"metadata":{"serviceId":"3DSpace","geoId":"euw1","tenantId":"OI000315360"},"contenttype":"application/json","data":{"eventClass":"Task","eventType":"statusChanged","eventTime":1754303199972,"serviceName":"3DSpace","user":"genny_segretario","authorization":"VPLMAdmin.Company Name.Default","subject":{"source":"https://OI000315360-eu1-space.3dexperience.3ds.com/enovia","type":"Task","identifier":"BD9549A093AD2700688CABD600009EAE","relativePath":"/resources/v1/modeler/tasks/BD9549A093AD2700688CABD600009EAE"},"predicate":"state","object":{"@type":"xs:String","Value":"Assign"}}}
2025-08-04 12:30:04.194 [ActiveMQ Session Task-5] INFO  c.c.s.EIFConsumerMessageListener - 💾 Messaggio salvato in: C:\output_messages\msg_2025-08-04T12-30-04-192526100.json
2025-08-04 12:30:04.196 [ActiveMQ Session Task-5] INFO  c.c.s.EIFConsumerMessageListener - 📌 Event Type: statusChanged
2025-08-04 12:30:04.197 [ActiveMQ Session Task-5] INFO  c.c.s.EIFConsumerMessageListener - 📌 Event Class: Task
2025-08-04 12:30:04.198 [ActiveMQ Session Task-5] INFO  c.c.s.EIFConsumerMessageListener - 📌 Subject ID: BD9549A093AD2700688CABD600009EAE
2025-08-04 12:30:04.218 [ActiveMQ Session Task-5] INFO  c.c.s.EIFConsumerMessageListener - 📩 Messaggio ricevuto:
{"specversion":"1.0.0","source":"https://OI000315360-eu1-space.3dexperience.3ds.com/enovia","type":"statusChanged","id":"3ABE8688FCEC310068908ADF00000361","time":"2025-08-04T10:26:39.983+0000","timestamp":1754303199983,"metadata":{"serviceId":"3DSpace","geoId":"euw1","tenantId":"OI000315360"},"contenttype":"application/json","data":{"eventClass":"Task","eventType":"statusChanged","eventTime":1754303199983,"serviceName":"3DSpace","user":"genny_segretario","authorization":"VPLMAdmin.Company Name.Default","subject":{"source":"https://OI000315360-eu1-space.3dexperience.3ds.com/enovia","type":"Task","identifier":"BD9549A093AD2700688CABD600009EAE","relativePath":"/resources/v1/modeler/tasks/BD9549A093AD2700688CABD600009EAE"},"predicate":"state","object":{"@type":"xs:String","Value":"Create"}}}
2025-08-04 12:30:04.222 [ActiveMQ Session Task-5] INFO  c.c.s.EIFConsumerMessageListener - 💾 Messaggio salvato in: C:\output_messages\msg_2025-08-04T12-30-04-220116400.json
2025-08-04 12:30:04.225 [ActiveMQ Session Task-5] INFO  c.c.s.EIFConsumerMessageListener - 📌 Event Type: statusChanged
2025-08-04 12:30:04.226 [ActiveMQ Session Task-5] INFO  c.c.s.EIFConsumerMessageListener - 📌 Event Class: Task
2025-08-04 12:30:04.227 [ActiveMQ Session Task-5] INFO  c.c.s.EIFConsumerMessageListener - 📌 Subject ID: BD9549A093AD2700688CABD600009EAE
2025-08-04 12:30:04.271 [ActiveMQ Session Task-5] INFO  c.c.s.EIFConsumerMessageListener - 📩 Messaggio ricevuto:
{"specversion":"1.0.0","source":"https://OI000315360-eu1-space.3dexperience.3ds.com/enovia","type":"statusChanged","id":"3ABE8688FCEC310068908AE000000369","time":"2025-08-04T10:26:40.051+0000","timestamp":1754303200051,"metadata":{"serviceId":"3DSpace","geoId":"euw1","tenantId":"OI000315360"},"contenttype":"application/json","data":{"eventClass":"Task","eventType":"statusChanged","eventTime":1754303200051,"serviceName":"3DSpace","user":"genny_segretario","authorization":"VPLMAdmin.Company Name.Default","subject":{"source":"https://OI000315360-eu1-space.3dexperience.3ds.com/enovia","type":"Task","identifier":"3ABE8688FCEC310068908947000047DA","relativePath":"/resources/v1/modeler/tasks/3ABE8688FCEC310068908947000047DA"},"predicate":"state","object":{"@type":"xs:String","Value":"Create"}}}
2025-08-04 12:30:04.276 [ActiveMQ Session Task-5] INFO  c.c.s.EIFConsumerMessageListener - 💾 Messaggio salvato in: C:\output_messages\msg_2025-08-04T12-30-04-274221900.json
2025-08-04 12:30:04.281 [ActiveMQ Session Task-5] INFO  c.c.s.EIFConsumerMessageListener - 📌 Event Type: statusChanged
2025-08-04 12:30:04.282 [ActiveMQ Session Task-5] INFO  c.c.s.EIFConsumerMessageListener - 📌 Event Class: Task
2025-08-04 12:30:04.283 [ActiveMQ Session Task-5] INFO  c.c.s.EIFConsumerMessageListener - 📌 Subject ID: 3ABE8688FCEC310068908947000047DA
2025-08-04 12:30:04.390 [ActiveMQ Session Task-5] INFO  c.c.s.EIFConsumerMessageListener - 📩 Messaggio ricevuto:
{"specversion":"1.0.0","source":"https://OI000315360-eu1-space.3dexperience.3ds.com/enovia","type":"statusChanged","id":"3ABE8688FCEC310068908AE000000367","time":"2025-08-04T10:26:40.041+0000","timestamp":1754303200041,"metadata":{"serviceId":"3DSpace","geoId":"euw1","tenantId":"OI000315360"},"contenttype":"application/json","data":{"eventClass":"Task","eventType":"statusChanged","eventTime":1754303200041,"serviceName":"3DSpace","user":"genny_segretario","authorization":"VPLMAdmin.Company Name.Default","subject":{"source":"https://OI000315360-eu1-space.3dexperience.3ds.com/enovia","type":"Task","identifier":"3ABE8688FCEC310068908947000047DA","relativePath":"/resources/v1/modeler/tasks/3ABE8688FCEC310068908947000047DA"},"predicate":"state","object":{"@type":"xs:String","Value":"Assign"}}}
2025-08-04 12:30:04.395 [ActiveMQ Session Task-5] INFO  c.c.s.EIFConsumerMessageListener - 💾 Messaggio salvato in: C:\output_messages\msg_2025-08-04T12-30-04-393909900.json
2025-08-04 12:30:04.397 [ActiveMQ Session Task-5] INFO  c.c.s.EIFConsumerMessageListener - 📌 Event Type: statusChanged
2025-08-04 12:30:04.398 [ActiveMQ Session Task-5] INFO  c.c.s.EIFConsumerMessageListener - 📌 Event Class: Task
2025-08-04 12:30:04.399 [ActiveMQ Session Task-5] INFO  c.c.s.EIFConsumerMessageListener - 📌 Subject ID: 3ABE8688FCEC310068908947000047DA
2025-08-04 12:30:04.401 [ActiveMQ Session Task-5] INFO  c.c.s.EIFConsumerMessageListener - 📩 Messaggio ricevuto:
{"specversion":"1.0.0","source":"https://OI000315360-eu1-space.3dexperience.3ds.com/enovia","type":"statusChanged","id":"3ABE8688FCEC310068908AE000000363","time":"2025-08-04T10:26:40.021+0000","timestamp":1754303200021,"metadata":{"serviceId":"3DSpace","geoId":"euw1","tenantId":"OI000315360"},"contenttype":"application/json","data":{"eventClass":"Task","eventType":"statusChanged","eventTime":1754303200021,"serviceName":"3DSpace","user":"genny_segretario","authorization":"VPLMAdmin.Company Name.Default","subject":{"source":"https://OI000315360-eu1-space.3dexperience.3ds.com/enovia","type":"Task","identifier":"3ABE8688FCEC310068908947000047DA","relativePath":"/resources/v1/modeler/tasks/3ABE8688FCEC310068908947000047DA"},"predicate":"state","object":{"@type":"xs:String","Value":"Review"}}}
2025-08-04 12:30:04.404 [ActiveMQ Session Task-5] INFO  c.c.s.EIFConsumerMessageListener - 💾 Messaggio salvato in: C:\output_messages\msg_2025-08-04T12-30-04-402917700.json
2025-08-04 12:30:04.407 [ActiveMQ Session Task-5] INFO  c.c.s.EIFConsumerMessageListener - 📌 Event Type: statusChanged
2025-08-04 12:30:04.408 [ActiveMQ Session Task-5] INFO  c.c.s.EIFConsumerMessageListener - 📌 Event Class: Task
2025-08-04 12:30:04.410 [ActiveMQ Session Task-5] INFO  c.c.s.EIFConsumerMessageListener - 📌 Subject ID: 3ABE8688FCEC310068908947000047DA
2025-08-04 12:30:04.416 [ActiveMQ Session Task-6] INFO  c.c.s.EIFConsumerMessageListener - 📩 Messaggio ricevuto:
{"specversion":"1.0.0","source":"https://OI000315360-eu1-space.3dexperience.3ds.com/enovia","type":"statusChanged","id":"3ABE8688FCEC310068908AE000000365","time":"2025-08-04T10:26:40.032+0000","timestamp":1754303200032,"metadata":{"serviceId":"3DSpace","geoId":"euw1","tenantId":"OI000315360"},"contenttype":"application/json","data":{"eventClass":"Task","eventType":"statusChanged","eventTime":1754303200032,"serviceName":"3DSpace","user":"genny_segretario","authorization":"VPLMAdmin.Company Name.Default","subject":{"source":"https://OI000315360-eu1-space.3dexperience.3ds.com/enovia","type":"Task","identifier":"3ABE8688FCEC310068908947000047DA","relativePath":"/resources/v1/modeler/tasks/3ABE8688FCEC310068908947000047DA"},"predicate":"state","object":{"@type":"xs:String","Value":"Active"}}}
2025-08-04 12:30:04.420 [ActiveMQ Session Task-6] INFO  c.c.s.EIFConsumerMessageListener - 💾 Messaggio salvato in: C:\output_messages\msg_2025-08-04T12-30-04-418290200.json
2025-08-04 12:30:04.422 [ActiveMQ Session Task-6] INFO  c.c.s.EIFConsumerMessageListener - 📌 Event Type: statusChanged
2025-08-04 12:30:04.422 [ActiveMQ Session Task-6] INFO  c.c.s.EIFConsumerMessageListener - 📌 Event Class: Task
2025-08-04 12:30:04.422 [ActiveMQ Session Task-6] INFO  c.c.s.EIFConsumerMessageListener - 📌 Subject ID: 3ABE8688FCEC310068908947000047DA
2025-08-04 12:45:03.095 [ActiveMQ Session Task-7] INFO  c.c.s.EIFConsumerMessageListener - 📩 Messaggio ricevuto:
{"specversion":"1.0.0","source":"https://OI000315360-eu1-space.3dexperience.3ds.com/enovia","type":"created","id":"3ABE8688FCEC310068908DEC0000036F","time":"2025-08-04T10:39:40.357+0000","timestamp":1754303980357,"metadata":{"serviceId":"3DSpace","geoId":"euw1","tenantId":"OI000315360"},"contenttype":"application/json","data":{"eventClass":"Task","eventType":"created","eventTime":1754303980357,"serviceName":"3DSpace","user":"genny_segretario","authorization":"VPLMProjectLeader.BU-0000009.CS_LIBRARIES_PROTECTED","subject":{"source":"https://OI000315360-eu1-space.3dexperience.3ds.com/enovia","type":"Task","identifier":"3ABE8688FCEC310068908DE90000495A","relativePath":"/resources/v1/modeler/tasks/3ABE8688FCEC310068908DE90000495A"}}}
2025-08-04 12:45:03.100 [ActiveMQ Session Task-7] INFO  c.c.s.EIFConsumerMessageListener - 💾 Messaggio salvato in: C:\output_messages\msg_2025-08-04T12-45-03-097596300.json
2025-08-04 12:45:03.101 [ActiveMQ Session Task-7] INFO  c.c.s.EIFConsumerMessageListener - 📌 Event Type: created
2025-08-04 12:45:03.102 [ActiveMQ Session Task-7] INFO  c.c.s.EIFConsumerMessageListener - 📌 Event Class: Task
2025-08-04 12:45:03.103 [ActiveMQ Session Task-7] INFO  c.c.s.EIFConsumerMessageListener - 📌 Subject ID: 3ABE8688FCEC310068908DE90000495A
2025-08-04 12:45:07.249 [ActiveMQ Session Task-7] INFO  c.c.s.EIFConsumerMessageListener - 🌐 GET http://localhost:8080/Comau.3DS.Services/api/3ds/ProcessLogic/createTaskPostAction?id=3ABE8688FCEC310068908DE90000495A&user=genny_segretario → {"result":"OK","message":""}
2025-08-04 15:00:04.700 [ActiveMQ Session Task-8] INFO  c.c.s.EIFConsumerMessageListener - 📩 Messaggio ricevuto:
{"specversion":"1.0.0","source":"https://OI000315360-eu1-space.3dexperience.3ds.com/enovia","type":"created","id":"BD9549A0BD8402006890AE0E00000723","time":"2025-08-04T12:56:46.754+0000","timestamp":1754312206754,"metadata":{"serviceId":"3DSpace","geoId":"euw1","tenantId":"OI000315360"},"contenttype":"application/json","data":{"eventClass":"Task","eventType":"created","eventTime":1754312206754,"serviceName":"3DSpace","user":"luc-20091009091032","authorization":"VPLMProjectLeader.Comp-0000001.CS_COMAU_PUBLIC","subject":{"source":"https://OI000315360-eu1-space.3dexperience.3ds.com/enovia","type":"Task","identifier":"BD9549A0BD8402006890AE060000519A","relativePath":"/resources/v1/modeler/tasks/BD9549A0BD8402006890AE060000519A"}}}
2025-08-04 15:00:04.722 [ActiveMQ Session Task-8] INFO  c.c.s.EIFConsumerMessageListener - 💾 Messaggio salvato in: C:\output_messages\msg_2025-08-04T15-00-04-716822900.json
2025-08-04 15:00:04.734 [ActiveMQ Session Task-8] INFO  c.c.s.EIFConsumerMessageListener - 📌 Event Type: created
2025-08-04 15:00:04.736 [ActiveMQ Session Task-8] INFO  c.c.s.EIFConsumerMessageListener - 📌 Event Class: Task
2025-08-04 15:00:04.737 [ActiveMQ Session Task-8] INFO  c.c.s.EIFConsumerMessageListener - 📌 Subject ID: BD9549A0BD8402006890AE060000519A
2025-08-04 15:00:17.444 [ActiveMQ Session Task-8] INFO  c.c.s.EIFConsumerMessageListener - 🌐 GET http://localhost:8080/Comau.3DS.Services/api/3ds/ProcessLogic/createTaskPostAction?id=BD9549A0BD8402006890AE060000519A&user=luc-20091009091032 → {"result":"OK","message":""}
2025-08-04 15:00:17.446 [ActiveMQ Session Task-8] INFO  c.c.s.EIFConsumerMessageListener - 📩 Messaggio ricevuto:
{"specversion":"1.0.0","source":"https://OI000315360-eu1-space.3dexperience.3ds.com/enovia","type":"created","id":"BD9549A0BD8402006890AE3A00000725","time":"2025-08-04T12:57:30.517+0000","timestamp":1754312250517,"metadata":{"serviceId":"3DSpace","geoId":"euw1","tenantId":"OI000315360"},"contenttype":"application/json","data":{"eventClass":"Task","eventType":"created","eventTime":1754312250517,"serviceName":"3DSpace","user":"luc-20091009091032","authorization":"VPLMProjectLeader.Comp-0000001.CS_COMAU_PUBLIC","subject":{"source":"https://OI000315360-eu1-space.3dexperience.3ds.com/enovia","type":"Task","identifier":"BD9549A0BD8402006890AE330000524A","relativePath":"/resources/v1/modeler/tasks/BD9549A0BD8402006890AE330000524A"}}}
2025-08-04 15:00:17.449 [ActiveMQ Session Task-8] INFO  c.c.s.EIFConsumerMessageListener - 💾 Messaggio salvato in: C:\output_messages\msg_2025-08-04T15-00-17-448818500.json
2025-08-04 15:00:17.452 [ActiveMQ Session Task-8] INFO  c.c.s.EIFConsumerMessageListener - 📌 Event Type: created
2025-08-04 15:00:17.453 [ActiveMQ Session Task-8] INFO  c.c.s.EIFConsumerMessageListener - 📌 Event Class: Task
2025-08-04 15:00:17.453 [ActiveMQ Session Task-8] INFO  c.c.s.EIFConsumerMessageListener - 📌 Subject ID: BD9549A0BD8402006890AE330000524A
2025-08-04 15:00:24.049 [ActiveMQ Session Task-8] INFO  c.c.s.EIFConsumerMessageListener - 🌐 GET http://localhost:8080/Comau.3DS.Services/api/3ds/ProcessLogic/createTaskPostAction?id=BD9549A0BD8402006890AE330000524A&user=luc-20091009091032 → {"result":"OK","message":""}
